---
source: crates/move-transactional-test-runner/src/framework.rs
---
processed 9 tasks

task 1, lines 4-25:
//# run
Error: ParserError: Invalid Token: unrecognized token kind for term Minus

task 4, lines 75-96:
//# run
Error: ParserError: Invalid Token: unrecognized token kind for term Minus

task 6, lines 119-139:
//# run
Error: ParserError: Invalid Token: expected Tok::NameValue

task 7, lines 140-158:
//# run
Error: ParserError: Invalid Token: unrecognized token kind for term Minus

task 8, lines 159-188:
//# run
Error: ParserError: Invalid Token: unrecognized token kind for term Minus
