---
source: crates/move-transactional-test-runner/src/framework.rs
---
processed 7 tasks

task 1, lines 4-23:
//# run
Error: ParserError: Invalid Token: unrecognized token kind for term Minus

task 2, lines 24-43:
//# run
Error: ParserError: Invalid Token: unrecognized token kind for term Minus

task 3, lines 44-63:
//# run
Error: ParserError: Invalid Token: unrecognized token kind for term Minus

task 4, lines 64-86:
//# run
Error: ParserError: Invalid Token: unrecognized token kind for term Minus

task 5, lines 87-109:
//# run
Error: ParserError: Invalid Token: unrecognized token kind for term Minus

task 6, lines 110-125:
//# run
Error: ParserError: Invalid Token: unrecognized token kind for term Minus
