---
source: external-crates/move/crates/move-transactional-test-runner/src/framework.rs
---
processed 10 tasks

// in this protocol version, these typing errors should happen before bounds checking

init:
A: object(0,0)

task 1, lines 8-16:
//# publish
created: object(1,0)
mutated: object(0,1)
gas summary: computation_cost: 1000000, storage_cost: 4628400,  storage_rebate: 0, non_refundable_storage_fee: 0

task 2, lines 18-20:
// input out of bounds at len
//# programmable --inputs 0u8
//> test::m::take_b(Input(0), Input(1))
Error: Transaction Effects Status: Invalid command argument at 0. The argument cannot be instantiated from raw bytes
Execution Error: ExecutionError: ExecutionError { inner: ExecutionErrorInner { kind: CommandArgumentError { arg_idx: 0, kind: InvalidUsageOfPureArg }, source: Some("Non-primitive argument at index 0. If it is an object, it must be populated by an object"), command: Some(0) } }

task 3, lines 22-24:
// input out of bounds
//# programmable --inputs 0u8
//> test::m::take_b(Input(0), Input(100))
Error: Transaction Effects Status: Invalid command argument at 0. The argument cannot be instantiated from raw bytes
Execution Error: ExecutionError: ExecutionError { inner: ExecutionErrorInner { kind: CommandArgumentError { arg_idx: 0, kind: InvalidUsageOfPureArg }, source: Some("Non-primitive argument at index 0. If it is an object, it must be populated by an object"), command: Some(0) } }

task 4, lines 26-29:
// result out of bounds at len
//# programmable
//> test::m::a();
//> test::m::take_b(Result(0), Result(1))
Error: Transaction Effects Status: Invalid command argument at 0. The type of the value does not match the expected type
Execution Error: ExecutionError: ExecutionError { inner: ExecutionErrorInner { kind: CommandArgumentError { arg_idx: 0, kind: TypeMismatch }, source: None, command: Some(1) } }

task 5, lines 31-34:
// result out of bounds
//# programmable
//> test::m::a();
//> test::m::take_b(Result(0), Result(5123))
Error: Transaction Effects Status: Invalid command argument at 0. The type of the value does not match the expected type
Execution Error: ExecutionError: ExecutionError { inner: ExecutionErrorInner { kind: CommandArgumentError { arg_idx: 0, kind: TypeMismatch }, source: None, command: Some(1) } }

task 6, lines 36-40:
// nested results out of bounds at len
//# programmable
//> test::m::a();
//> test::m::a2();
//> test::m::take_b(Result(0), NestedResult(2, 0))
Error: Transaction Effects Status: Invalid command argument at 0. The type of the value does not match the expected type
Execution Error: ExecutionError: ExecutionError { inner: ExecutionErrorInner { kind: CommandArgumentError { arg_idx: 0, kind: TypeMismatch }, source: None, command: Some(2) } }

task 7, lines 42-46:
// nested results out of bounds
//# programmable
//> test::m::a();
//> test::m::a2();
//> test::m::take_b(Result(0), NestedResult(115, 0))
Error: Transaction Effects Status: Invalid command argument at 0. The type of the value does not match the expected type
Execution Error: ExecutionError: ExecutionError { inner: ExecutionErrorInner { kind: CommandArgumentError { arg_idx: 0, kind: TypeMismatch }, source: None, command: Some(2) } }

task 8, lines 48-52:
// nested secondary out of bounds barely
//# programmable
//> test::m::a();
//> test::m::a2();
//> test::m::take_b(Result(0), NestedResult(1, 2))
Error: Transaction Effects Status: Invalid command argument at 0. The type of the value does not match the expected type
Execution Error: ExecutionError: ExecutionError { inner: ExecutionErrorInner { kind: CommandArgumentError { arg_idx: 0, kind: TypeMismatch }, source: None, command: Some(2) } }

task 9, lines 54-58:
// nested secondary out of bounds
//# programmable
//> test::m::a();
//> test::m::a2();
//> test::m::take_b(Result(0), NestedResult(1, 2104))
Error: Transaction Effects Status: Invalid command argument at 0. The type of the value does not match the expected type
Execution Error: ExecutionError: ExecutionError { inner: ExecutionErrorInner { kind: CommandArgumentError { arg_idx: 0, kind: TypeMismatch }, source: None, command: Some(2) } }
