---
source: external-crates/move/crates/move-transactional-test-runner/src/framework.rs
---
processed 15 tasks

init:
A: object(0,0), B: object(0,1)

task 1, lines 11-13:
//# programmable --sender A --inputs @A
//> 0: sui::table::new<u64, sui::coin::Coin<sui::sui::SUI>>();
//> 1: TransferObjects([Result(0)], Input(0))
created: object(1,0)
mutated: object(0,0)
gas summary: computation_cost: 1000000, storage_cost: 2979200,  storage_rebate: 0, non_refundable_storage_fee: 0

task 2, lines 15-17:
//# programmable --sender A --inputs @A 42 43 44
//> 0: SplitCoins(Gas, [Input(1), Input(2), Input(3)]);
//> 1: TransferObjects([NestedResult(0,0), NestedResult(0,1), NestedResult(0,2)], Input(0))
created: object(2,0), object(2,1), object(2,2)
mutated: object(0,0)
gas summary: computation_cost: 1000000, storage_cost: 3952000,  storage_rebate: 978120, non_refundable_storage_fee: 9880

task 3, lines 19-21:
//# programmable --sender A --inputs @A 45 46 47
//> 0: SplitCoins(Gas, [Input(1), Input(2), Input(3)]);
//> 1: TransferObjects([NestedResult(0,0), NestedResult(0,1), NestedResult(0,2)], Input(0))
created: object(3,0), object(3,1), object(3,2)
mutated: object(0,0)
gas summary: computation_cost: 1000000, storage_cost: 3952000,  storage_rebate: 978120, non_refundable_storage_fee: 9880

task 4, line 23:
//# create-checkpoint
Checkpoint created: 1

task 5, lines 25-39:
//# run-jsonrpc
Response: {
  "jsonrpc": "2.0",
  "id": 0,
  "result": [
    {
      "data": {
        "objectId": "0xdf59712e85f42bba1d839e2a040a8a4f4febd92885fa39de3be07f6c7168ca15",
        "version": "3",
        "digest": "DsqtdUUD2VnDEXJvRSuQ85oPEWWQDeCWeWRmKYAmpmVf",
        "previousTransaction": "JBk4dzzKioFpnmweKAnPpcGQDAdWURjuF3rWu2fcA6ah"
      }
    },
    {
      "data": {
        "objectId": "0xf7d43d8502c6eb1e50aae170ad854680c496edc342cdf67af4ea35b1bc9e7247",
        "version": "3",
        "digest": "6woC8XJJvmccma3ws5qfUiZamfmJmpyjm5eEDafc6G8b",
        "previousTransaction": "JBk4dzzKioFpnmweKAnPpcGQDAdWURjuF3rWu2fcA6ah"
      }
    },
    {
      "data": {
        "objectId": "0xe5152ec2b535537cd3bc6253c194d7e75ef76403a557c10ce60e8a7884fc299c",
        "version": "3",
        "digest": "35DFcMKwUWMLS6kn2vcwHZy4KXh6WLZ9jWNxvo9bnmuC",
        "previousTransaction": "JBk4dzzKioFpnmweKAnPpcGQDAdWURjuF3rWu2fcA6ah"
      }
    },
    {
      "data": {
        "objectId": "0x9e3e5c2e62ccdf7586ad0603f79b4a0f5a8d55e98510038311cc5d29cce5305c",
        "version": "4",
        "digest": "2KSTca5USirpxvqyebi2VZrkoQ1Wp3jqv8JaHvYEHLdK",
        "previousTransaction": "DoCfRunj2kbfz2zbEry9jtthVHc1QxD2bgh7XWVsDxFh"
      }
    },
    {
      "data": {
        "objectId": "0xf7daba22b006373e802a357065ddf10f2704b4912377c2fc134ea81c3b28a4fd",
        "version": "4",
        "digest": "7BxBkrBd2APRKRXjau3NKnBYhmnTCv4dnzcQadiHU6Ny",
        "previousTransaction": "DoCfRunj2kbfz2zbEry9jtthVHc1QxD2bgh7XWVsDxFh"
      }
    },
    {
      "data": {
        "objectId": "0xc19cfee058d04ba0441a40fa572299e9c5837a5db610abe9e8833e70aa623103",
        "version": "4",
        "digest": "5AqsM8FUwpQKDkG5TXFJzT4kzomuCLsNf89kwSJF8ANK",
        "previousTransaction": "DoCfRunj2kbfz2zbEry9jtthVHc1QxD2bgh7XWVsDxFh"
      }
    }
  ]
}

task 6, lines 41-43:
//# programmable --sender A --inputs object(2,0) 21
//> 0: SplitCoins(Input(0), [Input(1)]);
//> 1: MergeCoins(Gas, [Result(0)])
mutated: object(0,0), object(2,0)
gas summary: computation_cost: 1000000, storage_cost: 1976000,  storage_rebate: 1956240, non_refundable_storage_fee: 19760

task 7, line 45:
//# create-checkpoint
Checkpoint created: 2

task 8, lines 47-61:
//# run-jsonrpc
Response: {
  "jsonrpc": "2.0",
  "id": 1,
  "result": [
    {
      "data": {
        "objectId": "0xdf59712e85f42bba1d839e2a040a8a4f4febd92885fa39de3be07f6c7168ca15",
        "version": "5",
        "digest": "3r8Jn42R3DxizLGPRhksQ6wxJr4S4pD21HeSAso8mJoe",
        "previousTransaction": "Ay3bsMFbCgsLiEWXrJUDAL7QGHtQHSELK9T9D9sRCijY"
      }
    },
    {
      "data": {
        "objectId": "0xf7d43d8502c6eb1e50aae170ad854680c496edc342cdf67af4ea35b1bc9e7247",
        "version": "3",
        "digest": "6woC8XJJvmccma3ws5qfUiZamfmJmpyjm5eEDafc6G8b",
        "previousTransaction": "JBk4dzzKioFpnmweKAnPpcGQDAdWURjuF3rWu2fcA6ah"
      }
    },
    {
      "data": {
        "objectId": "0xe5152ec2b535537cd3bc6253c194d7e75ef76403a557c10ce60e8a7884fc299c",
        "version": "3",
        "digest": "35DFcMKwUWMLS6kn2vcwHZy4KXh6WLZ9jWNxvo9bnmuC",
        "previousTransaction": "JBk4dzzKioFpnmweKAnPpcGQDAdWURjuF3rWu2fcA6ah"
      }
    },
    {
      "data": {
        "objectId": "0x9e3e5c2e62ccdf7586ad0603f79b4a0f5a8d55e98510038311cc5d29cce5305c",
        "version": "4",
        "digest": "2KSTca5USirpxvqyebi2VZrkoQ1Wp3jqv8JaHvYEHLdK",
        "previousTransaction": "DoCfRunj2kbfz2zbEry9jtthVHc1QxD2bgh7XWVsDxFh"
      }
    },
    {
      "data": {
        "objectId": "0xf7daba22b006373e802a357065ddf10f2704b4912377c2fc134ea81c3b28a4fd",
        "version": "4",
        "digest": "7BxBkrBd2APRKRXjau3NKnBYhmnTCv4dnzcQadiHU6Ny",
        "previousTransaction": "DoCfRunj2kbfz2zbEry9jtthVHc1QxD2bgh7XWVsDxFh"
      }
    },
    {
      "data": {
        "objectId": "0xc19cfee058d04ba0441a40fa572299e9c5837a5db610abe9e8833e70aa623103",
        "version": "4",
        "digest": "5AqsM8FUwpQKDkG5TXFJzT4kzomuCLsNf89kwSJF8ANK",
        "previousTransaction": "DoCfRunj2kbfz2zbEry9jtthVHc1QxD2bgh7XWVsDxFh"
      }
    }
  ]
}

task 9, lines 63-64:
//# programmable --sender A --inputs object(1,0) 0 object(3,0)
//> 0: sui::table::add<u64, sui::coin::Coin<sui::sui::SUI>>(Input(0), Input(1), Input(2))
created: object(9,0)
mutated: object(0,0), object(1,0)
wrapped: object(3,0)
gas summary: computation_cost: 1000000, storage_cost: 5335200,  storage_rebate: 3927528, non_refundable_storage_fee: 39672

task 10, line 66:
//# create-checkpoint
Checkpoint created: 3

task 11, lines 68-82:
//# run-jsonrpc
Response: {
  "jsonrpc": "2.0",
  "id": 2,
  "result": [
    {
      "data": {
        "objectId": "0xdf59712e85f42bba1d839e2a040a8a4f4febd92885fa39de3be07f6c7168ca15",
        "version": "5",
        "digest": "3r8Jn42R3DxizLGPRhksQ6wxJr4S4pD21HeSAso8mJoe",
        "previousTransaction": "Ay3bsMFbCgsLiEWXrJUDAL7QGHtQHSELK9T9D9sRCijY"
      }
    },
    {
      "data": {
        "objectId": "0xf7d43d8502c6eb1e50aae170ad854680c496edc342cdf67af4ea35b1bc9e7247",
        "version": "3",
        "digest": "6woC8XJJvmccma3ws5qfUiZamfmJmpyjm5eEDafc6G8b",
        "previousTransaction": "JBk4dzzKioFpnmweKAnPpcGQDAdWURjuF3rWu2fcA6ah"
      }
    },
    {
      "data": {
        "objectId": "0xe5152ec2b535537cd3bc6253c194d7e75ef76403a557c10ce60e8a7884fc299c",
        "version": "3",
        "digest": "35DFcMKwUWMLS6kn2vcwHZy4KXh6WLZ9jWNxvo9bnmuC",
        "previousTransaction": "JBk4dzzKioFpnmweKAnPpcGQDAdWURjuF3rWu2fcA6ah"
      }
    },
    {
      "error": {
        "code": "notExists",
        "object_id": "0x9e3e5c2e62ccdf7586ad0603f79b4a0f5a8d55e98510038311cc5d29cce5305c"
      }
    },
    {
      "data": {
        "objectId": "0xf7daba22b006373e802a357065ddf10f2704b4912377c2fc134ea81c3b28a4fd",
        "version": "4",
        "digest": "7BxBkrBd2APRKRXjau3NKnBYhmnTCv4dnzcQadiHU6Ny",
        "previousTransaction": "DoCfRunj2kbfz2zbEry9jtthVHc1QxD2bgh7XWVsDxFh"
      }
    },
    {
      "data": {
        "objectId": "0xc19cfee058d04ba0441a40fa572299e9c5837a5db610abe9e8833e70aa623103",
        "version": "4",
        "digest": "5AqsM8FUwpQKDkG5TXFJzT4kzomuCLsNf89kwSJF8ANK",
        "previousTransaction": "DoCfRunj2kbfz2zbEry9jtthVHc1QxD2bgh7XWVsDxFh"
      }
    }
  ]
}

task 12, lines 84-85:
//# programmable --sender A --inputs object(2,1)
//> MergeCoins(Gas, [Input(0)])
mutated: object(0,0)
deleted: object(2,1)
gas summary: computation_cost: 1000000, storage_cost: 988000,  storage_rebate: 1956240, non_refundable_storage_fee: 19760

task 13, line 87:
//# create-checkpoint
Checkpoint created: 4

task 14, lines 89-103:
//# run-jsonrpc
Response: {
  "jsonrpc": "2.0",
  "id": 3,
  "result": [
    {
      "data": {
        "objectId": "0xdf59712e85f42bba1d839e2a040a8a4f4febd92885fa39de3be07f6c7168ca15",
        "version": "5",
        "digest": "3r8Jn42R3DxizLGPRhksQ6wxJr4S4pD21HeSAso8mJoe",
        "previousTransaction": "Ay3bsMFbCgsLiEWXrJUDAL7QGHtQHSELK9T9D9sRCijY"
      }
    },
    {
      "error": {
        "code": "notExists",
        "object_id": "0xf7d43d8502c6eb1e50aae170ad854680c496edc342cdf67af4ea35b1bc9e7247"
      }
    },
    {
      "data": {
        "objectId": "0xe5152ec2b535537cd3bc6253c194d7e75ef76403a557c10ce60e8a7884fc299c",
        "version": "3",
        "digest": "35DFcMKwUWMLS6kn2vcwHZy4KXh6WLZ9jWNxvo9bnmuC",
        "previousTransaction": "JBk4dzzKioFpnmweKAnPpcGQDAdWURjuF3rWu2fcA6ah"
      }
    },
    {
      "error": {
        "code": "notExists",
        "object_id": "0x9e3e5c2e62ccdf7586ad0603f79b4a0f5a8d55e98510038311cc5d29cce5305c"
      }
    },
    {
      "data": {
        "objectId": "0xf7daba22b006373e802a357065ddf10f2704b4912377c2fc134ea81c3b28a4fd",
        "version": "4",
        "digest": "7BxBkrBd2APRKRXjau3NKnBYhmnTCv4dnzcQadiHU6Ny",
        "previousTransaction": "DoCfRunj2kbfz2zbEry9jtthVHc1QxD2bgh7XWVsDxFh"
      }
    },
    {
      "data": {
        "objectId": "0xc19cfee058d04ba0441a40fa572299e9c5837a5db610abe9e8833e70aa623103",
        "version": "4",
        "digest": "5AqsM8FUwpQKDkG5TXFJzT4kzomuCLsNf89kwSJF8ANK",
        "previousTransaction": "DoCfRunj2kbfz2zbEry9jtthVHc1QxD2bgh7XWVsDxFh"
      }
    }
  ]
}
