---
source: crates/sui-config/tests/snapshot_tests.rs
expression: genesis.sui_system_object()
---
info:
  id: "0x0000000000000000000000000000000000000005"
epoch: 0
validators:
  validator_stake: 1
  delegation_stake: 0
  quorum_stake_threshold: 1
  active_validators:
    - metadata:
        sui_address: 375741c9373ae27bde5e6b5f5cc79f074cd84587
        pubkey_bytes:
          - 140
          - 102
          - 220
          - 44
          - 30
          - 169
          - 229
          - 63
          - 9
          - 133
          - 193
          - 123
          - 78
          - 122
          - 241
          - 153
          - 18
          - 182
          - 211
          - 196
          - 14
          - 12
          - 89
          - 32
          - 165
          - 161
          - 37
          - 9
          - 180
          - 235
          - 54
          - 25
          - 245
          - 224
          - 126
          - 197
          - 110
          - 167
          - 127
          - 11
          - 48
          - 98
          - 155
          - 161
          - 204
          - 114
          - 215
          - 91
          - 19
          - 148
          - 96
          - 120
          - 42
          - 95
          - 14
          - 47
          - 137
          - 251
          - 76
          - 66
          - 180
          - 184
          - 165
          - 250
          - 227
          - 210
          - 96
          - 16
          - 34
          - 32
          - 230
          - 61
          - 7
          - 84
          - 231
          - 225
          - 132
          - 109
          - 238
          - 253
          - 57
          - 136
          - 234
          - 222
          - 78
          - 211
          - 127
          - 19
          - 133
          - 67
          - 125
          - 25
          - 222
          - 26
          - 22
          - 24
        network_pubkey_bytes:
          - 117
          - 99
          - 98
          - 117
          - 70
          - 106
          - 68
          - 118
          - 80
          - 110
          - 69
          - 82
          - 82
          - 75
          - 90
          - 73
          - 50
          - 119
          - 97
          - 55
          - 115
          - 105
          - 104
          - 80
          - 99
          - 110
          - 84
          - 80
          - 118
          - 117
          - 85
          - 47
          - 47
          - 79
          - 53
          - 81
          - 80
          - 77
          - 71
          - 107
          - 107
          - 103
          - 65
          - 61
        proof_of_possession_bytes:
          - 139
          - 91
          - 16
          - 21
          - 252
          - 177
          - 83
          - 235
          - 179
          - 45
          - 51
          - 27
          - 32
          - 108
          - 191
          - 122
          - 34
          - 233
          - 8
          - 191
          - 174
          - 39
          - 53
          - 225
          - 71
          - 185
          - 190
          - 152
          - 161
          - 188
          - 205
          - 164
          - 114
          - 241
          - 218
          - 40
          - 154
          - 30
          - 255
          - 169
          - 124
          - 94
          - 223
          - 87
          - 68
          - 128
          - 197
          - 132
        name:
          - 48
        net_address: []
        next_epoch_stake: 1
        next_epoch_delegation: 0
        next_epoch_gas_price: 1
      stake_amount: 1
      pending_stake: 0
      pending_withdraw: 0
      gas_price: 1
      delegation_staking_pool:
        validator_address: 375741c9373ae27bde5e6b5f5cc79f074cd84587
        starting_epoch: 1
        epoch_starting_sui_balance: 0
        epoch_starting_delegation_token_supply: 0
        sui_balance: 0
        rewards_pool:
          value: 0
        delegation_token_supply:
          value: 0
        pending_delegations: []
  pending_validators: []
  pending_removals: []
  next_epoch_validators:
    - sui_address: 375741c9373ae27bde5e6b5f5cc79f074cd84587
      pubkey_bytes:
        - 140
        - 102
        - 220
        - 44
        - 30
        - 169
        - 229
        - 63
        - 9
        - 133
        - 193
        - 123
        - 78
        - 122
        - 241
        - 153
        - 18
        - 182
        - 211
        - 196
        - 14
        - 12
        - 89
        - 32
        - 165
        - 161
        - 37
        - 9
        - 180
        - 235
        - 54
        - 25
        - 245
        - 224
        - 126
        - 197
        - 110
        - 167
        - 127
        - 11
        - 48
        - 98
        - 155
        - 161
        - 204
        - 114
        - 215
        - 91
        - 19
        - 148
        - 96
        - 120
        - 42
        - 95
        - 14
        - 47
        - 137
        - 251
        - 76
        - 66
        - 180
        - 184
        - 165
        - 250
        - 227
        - 210
        - 96
        - 16
        - 34
        - 32
        - 230
        - 61
        - 7
        - 84
        - 231
        - 225
        - 132
        - 109
        - 238
        - 253
        - 57
        - 136
        - 234
        - 222
        - 78
        - 211
        - 127
        - 19
        - 133
        - 67
        - 125
        - 25
        - 222
        - 26
        - 22
        - 24
      network_pubkey_bytes:
        - 117
        - 99
        - 98
        - 117
        - 70
        - 106
        - 68
        - 118
        - 80
        - 110
        - 69
        - 82
        - 82
        - 75
        - 90
        - 73
        - 50
        - 119
        - 97
        - 55
        - 115
        - 105
        - 104
        - 80
        - 99
        - 110
        - 84
        - 80
        - 118
        - 117
        - 85
        - 47
        - 47
        - 79
        - 53
        - 81
        - 80
        - 77
        - 71
        - 107
        - 107
        - 103
        - 65
        - 61
      proof_of_possession_bytes:
        - 139
        - 91
        - 16
        - 21
        - 252
        - 177
        - 83
        - 235
        - 179
        - 45
        - 51
        - 27
        - 32
        - 108
        - 191
        - 122
        - 34
        - 233
        - 8
        - 191
        - 174
        - 39
        - 53
        - 225
        - 71
        - 185
        - 190
        - 152
        - 161
        - 188
        - 205
        - 164
        - 114
        - 241
        - 218
        - 40
        - 154
        - 30
        - 255
        - 169
        - 124
        - 94
        - 223
        - 87
        - 68
        - 128
        - 197
        - 132
      name:
        - 48
      net_address: []
      next_epoch_stake: 1
      next_epoch_delegation: 0
      next_epoch_gas_price: 1
treasury_cap:
  value: 100000000000001
storage_fund:
  value: 100000000000000
parameters:
  min_validator_stake: 100000000000000
  max_validator_candidate_count: 100
  storage_gas_price: 1
reference_gas_price: 0
validator_report_records:
  contents: []

