---
source: crates/sui/tests/shell_tests.rs
---
----- script -----
# Copyright (c) Mysten Labs, Inc.
# SPDX-License-Identifier: Apache-2.0

# If the client config file already exists, it doesn't change
cp client-exists.yaml before.yaml
sui client --client.config ./client-exists.yaml -y envs

echo "diffing before/after; there should be no change"
diff client-exists.yaml before.yaml

----- results -----
success: true
exit_code: 0
----- stdout -----
╭─────────┬─────────────────────────────────────┬────────╮
│ alias   │ url                                 │ active │
├─────────┼─────────────────────────────────────┼────────┤
│ testnet │ https://fullnode.testnet.sui.io:443 │ *      │
│ mainnet │ https://fullnode.mainnet.sui.io:443 │        │
│ devnet  │ https://fullnode.devnet.sui.io:443  │        │
│ local   │ http://127.0.0.1:9000               │        │
╰─────────┴─────────────────────────────────────┴────────╯
diffing before/after; there should be no change

----- stderr -----
[warning] Client/Server api version mismatch, client api version : 1.63.0, server api version : 1.62.0
