---
source: crates/sui-prover/tests/integration.rs
expression: output
---
exiting with bytecode transformation errors
error: Duplicate target function: inc
   ┌─ tests/inputs/spec_paths/duplicate_target.move:23:5
   │  
23 │ ╭     public fun foo_spec_pkg_mod_fun_prove(x: u64): u64 {
24 │ │         requires(x < std::u64::max_value!());
25 │ │         let res = inc(x);
26 │ │         let x_int = x.to_int();
   · │
29 │ │         res
30 │ │     }
   │ ╰─────^
