---
source: crates/move-compiler/tests/move_check_testsuite.rs
info:
  flavor: core
  edition: 2024.alpha
  lint: false
---
error[E04001]: restricted visibility
   ┌─ tests/move_2024/typing/macro_visibility_struct_error.move:6:17
   │
 3 │     public struct S { }
   │                   - Struct defined in module 'a::m'
   ·
 6 │         let s = S { };
   │                 ^^^^^ Struct 'a::m::S' can only be instantiated within its defining module 'a::m'
   ·
15 │         test!();
   │         ------- While expanding this macro
   │
   = This visibility error occurs in a macro body while expanding the macro 'a::m::test'
   = Visibility inside of expanded macros is resolved in the scope of the caller.

error[E04001]: restricted visibility
   ┌─ tests/move_2024/typing/macro_visibility_struct_error.move:7:13
   │
 3 │     public struct S { }
   │                   - Struct defined in module 'a::m'
   ·
 7 │         let S { } = s;
   │             ^^^^^ Struct 'a::m::S' can only be used in deconstruction binding within its defining module 'a::m'
   ·
15 │         test!();
   │         ------- While expanding this macro
   │
   = This visibility error occurs in a macro body while expanding the macro 'a::m::test'
   = Visibility inside of expanded macros is resolved in the scope of the caller.
