---
source: crates/move-compiler/tests/move_check_testsuite.rs
assertion_line: 285
info:
  flavor: core
  edition: 2024.alpha
  lint: false
---
error[E04003]: built-in operation not supported
  ┌─ tests/move_2024/typing/signed_int_negation_unsigned_error.move:5:19
  │
4 │         let a: u64 = 5;
  │                --- Found: 'u64'. But expected: 'i8', 'i16', 'i32', 'i64', 'i128'
5 │         let _b = -a;
  │                   ^ Invalid argument to '-'
