---
source: crates/move-compiler/tests/move_check_testsuite.rs
info:
  flavor: core
  edition: 2024.alpha
  lint: false
---
bug[ICE12003]: INTERNAL COMPILER ERROR
  ┌─ tests/move_2024/typing/signed_int_casting.move:4:16
  │
4 │         let a: i8 = 10i8;
  │                ^^ Signed integers are not supported in bytecode
  │
  = The Move compiler has encountered an internal compiler error.
     Please report this issue to the Mysten Labs Move language team,
     including this error and any relevant code, to the Mysten Labs issue tracker
     at : https://github.com/MystenLabs/sui/issues

bug[ICE12003]: INTERNAL COMPILER ERROR
  ┌─ tests/move_2024/typing/signed_int_casting.move:4:21
  │
4 │         let a: i8 = 10i8;
  │                     ^^^^ Signed integer values are not supported in bytecode
  │
  = The Move compiler has encountered an internal compiler error.
     Please report this issue to the Mysten Labs Move language team,
     including this error and any relevant code, to the Mysten Labs issue tracker
     at : https://github.com/MystenLabs/sui/issues

bug[ICE12003]: INTERNAL COMPILER ERROR
  ┌─ tests/move_2024/typing/signed_int_casting.move:5:17
  │
5 │         let _b: i16 = a as i16;
  │                 ^^^ Signed integers are not supported in bytecode
  │
  = The Move compiler has encountered an internal compiler error.
     Please report this issue to the Mysten Labs Move language team,
     including this error and any relevant code, to the Mysten Labs issue tracker
     at : https://github.com/MystenLabs/sui/issues

bug[ICE12003]: INTERNAL COMPILER ERROR
  ┌─ tests/move_2024/typing/signed_int_casting.move:5:23
  │
5 │         let _b: i16 = a as i16;
  │                       ^^^^^^^^ Signed integer casts are not supported in bytecode
  │
  = The Move compiler has encountered an internal compiler error.
     Please report this issue to the Mysten Labs Move language team,
     including this error and any relevant code, to the Mysten Labs issue tracker
     at : https://github.com/MystenLabs/sui/issues

bug[ICE12003]: INTERNAL COMPILER ERROR
  ┌─ tests/move_2024/typing/signed_int_casting.move:6:17
  │
6 │         let _c: i32 = a as i32;
  │                 ^^^ Signed integers are not supported in bytecode
  │
  = The Move compiler has encountered an internal compiler error.
     Please report this issue to the Mysten Labs Move language team,
     including this error and any relevant code, to the Mysten Labs issue tracker
     at : https://github.com/MystenLabs/sui/issues

bug[ICE12003]: INTERNAL COMPILER ERROR
  ┌─ tests/move_2024/typing/signed_int_casting.move:6:23
  │
6 │         let _c: i32 = a as i32;
  │                       ^^^^^^^^ Signed integer casts are not supported in bytecode
  │
  = The Move compiler has encountered an internal compiler error.
     Please report this issue to the Mysten Labs Move language team,
     including this error and any relevant code, to the Mysten Labs issue tracker
     at : https://github.com/MystenLabs/sui/issues

bug[ICE12003]: INTERNAL COMPILER ERROR
  ┌─ tests/move_2024/typing/signed_int_casting.move:7:17
  │
7 │         let _d: i64 = a as i64;
  │                 ^^^ Signed integers are not supported in bytecode
  │
  = The Move compiler has encountered an internal compiler error.
     Please report this issue to the Mysten Labs Move language team,
     including this error and any relevant code, to the Mysten Labs issue tracker
     at : https://github.com/MystenLabs/sui/issues

bug[ICE12003]: INTERNAL COMPILER ERROR
  ┌─ tests/move_2024/typing/signed_int_casting.move:7:23
  │
7 │         let _d: i64 = a as i64;
  │                       ^^^^^^^^ Signed integer casts are not supported in bytecode
  │
  = The Move compiler has encountered an internal compiler error.
     Please report this issue to the Mysten Labs Move language team,
     including this error and any relevant code, to the Mysten Labs issue tracker
     at : https://github.com/MystenLabs/sui/issues

bug[ICE12003]: INTERNAL COMPILER ERROR
  ┌─ tests/move_2024/typing/signed_int_casting.move:8:17
  │
8 │         let _e: i128 = a as i128;
  │                 ^^^^ Signed integers are not supported in bytecode
  │
  = The Move compiler has encountered an internal compiler error.
     Please report this issue to the Mysten Labs Move language team,
     including this error and any relevant code, to the Mysten Labs issue tracker
     at : https://github.com/MystenLabs/sui/issues

bug[ICE12003]: INTERNAL COMPILER ERROR
  ┌─ tests/move_2024/typing/signed_int_casting.move:8:24
  │
8 │         let _e: i128 = a as i128;
  │                        ^^^^^^^^^ Signed integer casts are not supported in bytecode
  │
  = The Move compiler has encountered an internal compiler error.
     Please report this issue to the Mysten Labs Move language team,
     including this error and any relevant code, to the Mysten Labs issue tracker
     at : https://github.com/MystenLabs/sui/issues
