---
source: external-crates/move/crates/move-transactional-test-runner/src/framework.rs
---
processed 14 tasks

init:
A: object(0,0), B: object(0,1)

task 1, lines 8-23:
//# publish
created: object(1,0)
mutated: object(0,2)
gas summary: computation_cost: 1000000, storage_cost: 4909600,  storage_rebate: 0, non_refundable_storage_fee: 0

task 2, line 25:
//# run test::event_streams::emit_event --sender A --args 10
events: Event { package_id: test, transaction_module: Identifier("event_streams"), sender: A, type_: StructTag { address: test, module: Identifier("event_streams"), name: Identifier("AuthEvent"), type_params: [] }, contents: [10, 0, 0, 0, 0, 0, 0, 0] }
mutated: object(0,0)
accumulators_written: fake(2,0)
gas summary: computation_cost: 1000000, storage_cost: 988000,  storage_rebate: 0, non_refundable_storage_fee: 0

task 3, line 27:
//# create-checkpoint
Checkpoint created: 1

task 4, lines 29-31:
//# view-object 2,0
Owner: Object ID: ( _ )
Version: 2
Contents: sui::dynamic_field::Field<sui::accumulator::Key<sui::accumulator_settlement::EventStreamHead>, sui::accumulator_settlement::EventStreamHead> {
    id: sui::object::UID {
        id: sui::object::ID {
            bytes: fake(2,0),
        },
    },
    name: sui::accumulator::Key<sui::accumulator_settlement::EventStreamHead> {
        address: test,
    },
    value: sui::accumulator_settlement::EventStreamHead {
        mmr: vector[
            62955904256068828000364933990293687232493522409910932807352058947045862533335u256,
        ],
        checkpoint_seq: 0u64,
        num_events: 1u64,
    },
}

task 5, line 32:
//# run test::event_streams::emit_event --sender A --args 20
events: Event { package_id: test, transaction_module: Identifier("event_streams"), sender: A, type_: StructTag { address: test, module: Identifier("event_streams"), name: Identifier("AuthEvent"), type_params: [] }, contents: [20, 0, 0, 0, 0, 0, 0, 0] }
mutated: object(0,0)
accumulators_written: fake(2,0)
gas summary: computation_cost: 1000000, storage_cost: 988000,  storage_rebate: 978120, non_refundable_storage_fee: 9880

task 6, line 34:
//# create-checkpoint
Checkpoint created: 2

task 7, lines 36-38:
//# view-object 2,0
Owner: Object ID: ( _ )
Version: 3
Contents: sui::dynamic_field::Field<sui::accumulator::Key<sui::accumulator_settlement::EventStreamHead>, sui::accumulator_settlement::EventStreamHead> {
    id: sui::object::UID {
        id: sui::object::ID {
            bytes: fake(2,0),
        },
    },
    name: sui::accumulator::Key<sui::accumulator_settlement::EventStreamHead> {
        address: test,
    },
    value: sui::accumulator_settlement::EventStreamHead {
        mmr: vector[
            0u256,
            74554057711894871457628614655024369865117452415927520687030087896539353474013u256,
        ],
        checkpoint_seq: 0u64,
        num_events: 2u64,
    },
}

task 8, line 39:
//# run test::event_streams::emit_event --sender A --args 30
events: Event { package_id: test, transaction_module: Identifier("event_streams"), sender: A, type_: StructTag { address: test, module: Identifier("event_streams"), name: Identifier("AuthEvent"), type_params: [] }, contents: [30, 0, 0, 0, 0, 0, 0, 0] }
mutated: object(0,0)
accumulators_written: fake(2,0)
gas summary: computation_cost: 1000000, storage_cost: 988000,  storage_rebate: 978120, non_refundable_storage_fee: 9880

task 9, line 41:
//# create-checkpoint
Checkpoint created: 3

task 10, lines 43-45:
//# view-object 2,0
Owner: Object ID: ( _ )
Version: 4
Contents: sui::dynamic_field::Field<sui::accumulator::Key<sui::accumulator_settlement::EventStreamHead>, sui::accumulator_settlement::EventStreamHead> {
    id: sui::object::UID {
        id: sui::object::ID {
            bytes: fake(2,0),
        },
    },
    name: sui::accumulator::Key<sui::accumulator_settlement::EventStreamHead> {
        address: test,
    },
    value: sui::accumulator_settlement::EventStreamHead {
        mmr: vector[
            78313174135928063549980703713666821338718681390925586199291451869856428120056u256,
            74554057711894871457628614655024369865117452415927520687030087896539353474013u256,
        ],
        checkpoint_seq: 0u64,
        num_events: 3u64,
    },
}

task 11, line 46:
//# run test::event_streams::emit_event --sender A --args 40
events: Event { package_id: test, transaction_module: Identifier("event_streams"), sender: A, type_: StructTag { address: test, module: Identifier("event_streams"), name: Identifier("AuthEvent"), type_params: [] }, contents: [40, 0, 0, 0, 0, 0, 0, 0] }
mutated: object(0,0)
accumulators_written: fake(2,0)
gas summary: computation_cost: 1000000, storage_cost: 988000,  storage_rebate: 978120, non_refundable_storage_fee: 9880

task 12, line 48:
//# create-checkpoint
Checkpoint created: 4

task 13, lines 50-53:
//# view-object 2,0
Owner: Object ID: ( _ )
Version: 5
Contents: sui::dynamic_field::Field<sui::accumulator::Key<sui::accumulator_settlement::EventStreamHead>, sui::accumulator_settlement::EventStreamHead> {
    id: sui::object::UID {
        id: sui::object::ID {
            bytes: fake(2,0),
        },
    },
    name: sui::accumulator::Key<sui::accumulator_settlement::EventStreamHead> {
        address: test,
    },
    value: sui::accumulator_settlement::EventStreamHead {
        mmr: vector[
            0u256,
            0u256,
            87002537184975294303401156848807706651658979038556442278356805444719906372504u256,
        ],
        checkpoint_seq: 0u64,
        num_events: 4u64,
    },
}
