---
source: crates/move-transactional-test-runner/src/framework.rs
---
processed 4 tasks

task 2, lines 44-66:
//# publish
Error: Unable to publish module '0000000000000000000000000000000000000000000000000000000000000004::impossible_but_reachable'. Got VMError: {
    major_status: STLOC_UNSAFE_TO_DESTROY_ERROR,
    sub_status: None,
    location: 0x4::impossible_but_reachable,
    indices: [(FunctionDefinition, 0)],
    offsets: [(FunctionDefinitionIndex(0), 13)],
}

task 3, lines 68-94:
//# publish
Error: Unable to publish module '0000000000000000000000000000000000000000000000000000000000000005::loop_head_is_ret'. Got VMError: {
    major_status: WRITEREF_EXISTS_BORROW_ERROR,
    sub_status: None,
    location: 0x5::loop_head_is_ret,
    indices: [(FunctionDefinition, 0)],
    offsets: [(FunctionDefinitionIndex(0), 19)],
}
