---
source: crates/move-compiler/tests/move_check_testsuite.rs
info:
  flavor: core
  edition: 2024.alpha
  lint: false
---
note[NC15006]: IDE path autocomplete
   ┌─ tests/move_2024/ide_mode/cross_module_constants.move:5:1
   │  
 5 │ ╭ module 0x42::a {
 6 │ │ 
 7 │ │ public(package) const MAX: u64 = 100;
 8 │ │ 
   · │
12 │ │ 
13 │ │ }
   │ ╰─^ Possible in-scope names
   │  
   = members: 'Option -> std::option::Option', 'MAX -> 0x42::a::MAX', 'SECRET -> 0x42::a::SECRET', or 'secret -> 0x42::a::secret'
   = modules: 'Self -> 0x42::a', 'internal -> std::internal', 'option -> std::option', or 'vector -> std::vector'
   = addresses: 'A -> 0x41', 'B -> 0x42', 'K -> 0x19', 'M -> 0x40', 'a -> 0x44', 'b -> 0x45', 'k -> 0x19', 'std -> 0x1', or 'sui -> 0x2'
   = type params: 

note[NC15006]: IDE path autocomplete
   ┌─ tests/move_2024/ide_mode/cross_module_constants.move:11:28
   │
11 │ public fun secret(): u64 { SECRET }
   │                            ^^^^^^ Possible in-scope names
   │
   = members: 'Option -> std::option::Option', 'MAX -> 0x42::a::MAX', 'SECRET -> 0x42::a::SECRET', or 'secret -> 0x42::a::secret'
   = modules: 'Self -> 0x42::a', 'internal -> std::internal', 'option -> std::option', or 'vector -> std::vector'
   = addresses: 'A -> 0x41', 'B -> 0x42', 'K -> 0x19', 'M -> 0x40', 'a -> 0x44', 'b -> 0x45', 'k -> 0x19', 'std -> 0x1', or 'sui -> 0x2'
   = type params: 

note[NC15006]: IDE path autocomplete
   ┌─ tests/move_2024/ide_mode/cross_module_constants.move:15:1
   │  
15 │ ╭ module 0x42::b {
16 │ │ 
17 │ │ use 0x42::a;
18 │ │ 
   · │
26 │ │ 
27 │ │ }
   │ ╰─^ Possible in-scope names
   │  
   = members: 'Option -> std::option::Option', 'complete -> 0x42::b::complete', 'max -> 0x42::b::max', or 'steal -> 0x42::b::steal'
   = modules: 'Self -> 0x42::b', 'a -> 0x42::a', 'internal -> std::internal', 'option -> std::option', or 'vector -> std::vector'
   = addresses: 'A -> 0x41', 'B -> 0x42', 'K -> 0x19', 'M -> 0x40', 'b -> 0x45', 'k -> 0x19', 'std -> 0x1', or 'sui -> 0x2'
   = type params: 

note[NC15006]: IDE path autocomplete
   ┌─ tests/move_2024/ide_mode/cross_module_constants.move:19:25
   │
19 │ public fun max(): u64 { a::MAX }
   │                         ^ Possible in-scope names
   │
   = members: 'Option -> std::option::Option', 'complete -> 0x42::b::complete', 'max -> 0x42::b::max', or 'steal -> 0x42::b::steal'
   = modules: 'Self -> 0x42::b', 'a -> 0x42::a', 'internal -> std::internal', 'option -> std::option', or 'vector -> std::vector'
   = addresses: 'A -> 0x41', 'B -> 0x42', 'K -> 0x19', 'M -> 0x40', 'b -> 0x45', 'k -> 0x19', 'std -> 0x1', or 'sui -> 0x2'
   = type params: 

note[NC15006]: IDE path autocomplete
   ┌─ tests/move_2024/ide_mode/cross_module_constants.move:21:27
   │
21 │ public fun steal(): u64 { a::SECRET }
   │                           ^ Possible in-scope names
   │
   = members: 'Option -> std::option::Option', 'complete -> 0x42::b::complete', 'max -> 0x42::b::max', or 'steal -> 0x42::b::steal'
   = modules: 'Self -> 0x42::b', 'a -> 0x42::a', 'internal -> std::internal', 'option -> std::option', or 'vector -> std::vector'
   = addresses: 'A -> 0x41', 'B -> 0x42', 'K -> 0x19', 'M -> 0x40', 'b -> 0x45', 'k -> 0x19', 'std -> 0x1', or 'sui -> 0x2'
   = type params: 

error[EC04001]: restricted visibility
   ┌─ tests/move_2024/ide_mode/cross_module_constants.move:21:27
   │
 9 │ const SECRET: u64 = 7;
   │       ------ This constant is internal to its module. Only 'public(package)' constants can be accessed outside of their module
   ·
21 │ public fun steal(): u64 { a::SECRET }
   │                           ^^^^^^^^^ Invalid access of internal constant '0x42::a::SECRET'

note[NC15006]: IDE path autocomplete
   ┌─ tests/move_2024/ide_mode/cross_module_constants.move:24:5
   │
24 │     a::
   │     ^ Possible in-scope names
   │
   = members: 'Option -> std::option::Option', 'complete -> 0x42::b::complete', 'max -> 0x42::b::max', or 'steal -> 0x42::b::steal'
   = modules: 'Self -> 0x42::b', 'a -> 0x42::a', 'internal -> std::internal', 'option -> std::option', or 'vector -> std::vector'
   = addresses: 'A -> 0x41', 'B -> 0x42', 'K -> 0x19', 'M -> 0x40', 'b -> 0x45', 'k -> 0x19', 'std -> 0x1', or 'sui -> 0x2'
   = type params: 

error[EC01016]: invalid name
   ┌─ tests/move_2024/ide_mode/cross_module_constants.move:24:5
   │
24 │     a::
   │     ^^^ Incomplete name in this position. Expected an identifier after '::'
