---
source: crates/move-package-alt/tests/test_runner.rs
---
ParsedManifest {
    package: PackageMetadata {
        name: Spanned {
            span: 17..26,
            value: Identifier(
                "example",
            ),
        },
        edition: "2025",
        implicit_deps: Enabled,
    },
    environments: {
        Spanned {
            span: 107..114,
            value: "mainnet",
        }: Spanned {
            span: 117..127,
            value: "35834a8a",
        },
    },
    dependencies: {
        Spanned {
            span: 144..147,
            value: Identifier(
                "Sui",
            ),
        }: DefaultDependency {
            dependency_info: Local(
                LocalDepInfo {
                    local: "../../../../../../../../../crates/sui-framework/packages/sui-framework",
                },
            ),
            is_override: false,
            rename_from: None,
        },
    },
    dep_replacements: {},
}
