---
source: external-crates/move/crates/move-transactional-test-runner/src/framework.rs
---
processed 6 tasks

init:
A: object(0,0)

task 1, lines 13-38:
//# publish
created: object(1,0)
mutated: object(0,1)
gas summary: computation_cost: 1000000, storage_cost: 6384000,  storage_rebate: 0, non_refundable_storage_fee: 0

task 2, lines 40-42:
//# programmable --sender A --inputs @A
//> 0: P::M::owner();
//> 1: TransferObjects([Result(0)], Input(0))
created: object(2,0)
mutated: object(0,0)
gas summary: computation_cost: 1000000, storage_cost: 2226800,  storage_rebate: 0, non_refundable_storage_fee: 0

task 3, lines 44-46:
//# programmable --sender A --inputs object(2,0) 42 43 44
//> 0: P::M::add_df(Input(0), Input(1), Input(2));
//> 1: P::M::add_dof(Input(0), Input(1), Input(3))
created: object(3,0), object(3,1), object(3,2)
mutated: object(0,0), object(2,0)
gas summary: computation_cost: 1000000, storage_cost: 8002800,  storage_rebate: 2204532, non_refundable_storage_fee: 22268

task 4, line 48:
//# create-checkpoint
Checkpoint created: 1

task 5, lines 50-54:
//# run-jsonrpc
Response: {
  "jsonrpc": "2.0",
  "id": 0,
  "result": {
    "data": {
      "objectId": "0xcb5ef80fabab00c3594b2abcae92dc75d5d1a5cf8122529c3bf8f8c79bea1e83",
      "version": "3",
      "digest": "5cgPXRUTmUsUoCqyoaJ8PkyvYWpMBubahRwoeneBSk5D",
      "type": "0x2::dynamic_field::Field<u64, 0xd13eacaa5060920c8929a215cf93d013f3fd13944dea0a111e4229386bce59a1::M::Value>",
      "owner": {
        "ObjectOwner": "0x7c539cbd0cf0abf9bf32a147dc5b36e099e6b759af60ca90791ebf2380e7be69"
      },
      "previousTransaction": "GnHxYconSemSCpnWQNi33C9LDdkVf93oviK7MAV4Upkd",
      "storageRebate": "2021600",
      "content": {
        "dataType": "moveObject",
        "type": "0x2::dynamic_field::Field<u64, 0xd13eacaa5060920c8929a215cf93d013f3fd13944dea0a111e4229386bce59a1::M::Value>",
        "hasPublicTransfer": false,
        "fields": {
          "id": {
            "id": "0xcb5ef80fabab00c3594b2abcae92dc75d5d1a5cf8122529c3bf8f8c79bea1e83"
          },
          "name": "42",
          "value": {
            "type": "0xd13eacaa5060920c8929a215cf93d013f3fd13944dea0a111e4229386bce59a1::M::Value",
            "fields": {
              "id": {
                "id": "0x6c931e264151a2427a4530b85a159427c724c9024a857262ab46585198dc1d96"
              },
              "value": "43"
            }
          }
        }
      }
    }
  }
}
