---
source: crates/move-package-alt/tests/test_runner.rs
---
Manifest {
    package: PackageMetadata {
        name: Located {
            loc: Location {
                file: "tests/data/edition_legacy/Move.toml",
                span: 17..23,
            },
            value: Identifier(
                "name",
            ),
        },
        edition: Located {
            loc: Location {
                file: "tests/data/edition_legacy/Move.toml",
                span: 34..42,
            },
            value: "legacy",
        },
        metadata: (),
    },
    environments: {
        "mainnet": "35834a8a",
    },
    dependencies: {},
    dep_replacements: {},
}
