---
source: external-crates/move/crates/move-transactional-test-runner/src/framework.rs
---
processed 20 tasks

init:
A: object(0,0)

task 1, lines 8-52:
//# publish
created: object(1,0)
mutated: object(0,1)
gas summary: computation_cost: 1000000, storage_cost: 7774800,  storage_rebate: 0, non_refundable_storage_fee: 0

task 2, lines 54-56:
//# programmable --sender A --inputs @A
//> test::m::a();
//> sui::transfer::public_transfer<test::m::A>(Result(0), Input(0));
created: object(2,0)
mutated: object(0,0)
gas summary: computation_cost: 1000000, storage_cost: 2196400,  storage_rebate: 0, non_refundable_storage_fee: 0

task 4, lines 60-62:
//# programmable --sender A --inputs @a
//> test::m::a();
//> sui::transfer::public_transfer<test::m::A>(Result(0), Input(0));
created: object(4,0)
mutated: object(0,0)
gas summary: computation_cost: 1000000, storage_cost: 2196400,  storage_rebate: 978120, non_refundable_storage_fee: 9880

task 5, lines 64-68:
//# programmable --sender A --inputs object(2,0)
// object input by-ref
//> 0: test::m::heat_imm<test::m::A>(Input(0));
//> test::m::play_a(Input(0));
//> test::m::cool(Result(0));
mutated: object(0,0), object(2,0)
gas summary: computation_cost: 1000000, storage_cost: 2196400,  storage_rebate: 2174436, non_refundable_storage_fee: 21964

task 6, lines 70-74:
//# programmable --sender A --inputs object(2,0)
// object input by-mut
//> 0: test::m::heat_mut<test::m::A>(Input(0));
//> test::m::play_a(Input(0));
//> test::m::cool(Result(0));
Error: Transaction Effects Status: Invalid command argument at 0. Invalid argument to private entry function. These functions cannot take arguments from other Move functions
Execution Error: ExecutionError: ExecutionError { inner: ExecutionErrorInner { kind: CommandArgumentError { arg_idx: 0, kind: InvalidArgumentToPrivateEntryFunction }, source: None, command: Some(1) } }

task 7, lines 76-80:
//# programmable --sender A
// gas coin by-ref
//> test::m::heat_imm<sui::coin::Coin<sui::sui::SUI>>(Gas);
//> test::m::play_coin(Gas);
//> test::m::cool(Result(0));
mutated: object(0,0)
gas summary: computation_cost: 1000000, storage_cost: 988000,  storage_rebate: 978120, non_refundable_storage_fee: 9880

task 8, lines 82-86:
//# programmable --sender A
// gas coin by-mut
//> test::m::heat_mut<sui::coin::Coin<sui::sui::SUI>>(Gas);
//> test::m::play_coin(Gas);
//> test::m::cool(Result(0));
Error: Transaction Effects Status: Invalid command argument at 0. Invalid argument to private entry function. These functions cannot take arguments from other Move functions
Execution Error: ExecutionError: ExecutionError { inner: ExecutionErrorInner { kind: CommandArgumentError { arg_idx: 0, kind: InvalidArgumentToPrivateEntryFunction }, source: None, command: Some(1) } }

task 9, lines 88-95:
//# programmable --sender A --inputs object(2,0)
// result ref copy
//> 0: test::m::id_imm<test::m::A>(Input(0));
//> 1: test::m::heat_imm<test::m::A>(Result(0));
//> test::m::play_a(Result(0));
//> test::m::play_a(Result(0));
//> test::m::play_a(Input(0));
//> test::m::cool(Result(1));
Error: Transaction Effects Status: Invalid public Move function signature. Unsupported return type for return value 0
Execution Error: ExecutionError: ExecutionError { inner: ExecutionErrorInner { kind: InvalidPublicFunctionReturnType { idx: 0 }, source: None, command: Some(0) } }

task 10, lines 97-102:
//# programmable --sender A --inputs object(2,0)
// result ref move
//> 0: test::m::id_imm<test::m::A>(Input(0));
//> 1: test::m::heat_imm<test::m::A>(Result(0));
//> test::m::play_a(Input(0));
//> test::m::cool(Result(1));
Error: Transaction Effects Status: Invalid public Move function signature. Unsupported return type for return value 0
Execution Error: ExecutionError: ExecutionError { inner: ExecutionErrorInner { kind: InvalidPublicFunctionReturnType { idx: 0 }, source: None, command: Some(0) } }

task 11, lines 104-111:
//# programmable --sender A --inputs object(2,0)
// result mut ref copy
//> 0: test::m::id_mut<test::m::A>(Input(0));
//> 1: test::m::heat_mut<test::m::A>(Result(0));
//> test::m::play_a(Result(0));
//> test::m::play_a(Result(0));
//> test::m::play_a(Input(0));
//> test::m::cool(Result(1));
Error: Transaction Effects Status: Invalid public Move function signature. Unsupported return type for return value 0
Execution Error: ExecutionError: ExecutionError { inner: ExecutionErrorInner { kind: InvalidPublicFunctionReturnType { idx: 0 }, source: None, command: Some(0) } }

task 12, lines 113-120:
//# programmable --sender A --inputs object(2,0)
// result mut ref freeze
//> 0: test::m::id_mut<test::m::A>(Input(0));
//> 1: test::m::heat_imm<test::m::A>(Result(0));
//> test::m::play_a(Result(0));
//> test::m::play_a(Result(0));
//> test::m::play_a(Input(0));
//> test::m::cool(Result(1));
Error: Transaction Effects Status: Invalid public Move function signature. Unsupported return type for return value 0
Execution Error: ExecutionError: ExecutionError { inner: ExecutionErrorInner { kind: InvalidPublicFunctionReturnType { idx: 0 }, source: None, command: Some(0) } }

task 13, lines 122-127:
//# programmable --sender A --inputs object(2,0)
// result mut ref move
//> 0: test::m::id_mut<test::m::A>(Input(0));
//> 1: test::m::heat_mut<test::m::A>(Result(0));
//> test::m::play_a(Input(0));
//> test::m::cool(Result(1));
Error: Transaction Effects Status: Invalid public Move function signature. Unsupported return type for return value 0
Execution Error: ExecutionError: ExecutionError { inner: ExecutionErrorInner { kind: InvalidPublicFunctionReturnType { idx: 0 }, source: None, command: Some(0) } }

task 14, lines 129-133:
//# programmable --sender A --inputs 0u64
// pure input by-value
//> 0: test::m::heat_val<u64>(Input(0));
//> test::m::play_u64(Input(0));
//> test::m::cool(NestedResult(0,1));
mutated: object(0,0)
gas summary: computation_cost: 1000000, storage_cost: 988000,  storage_rebate: 978120, non_refundable_storage_fee: 9880

task 15, lines 135-139:
//# programmable --sender A --inputs 0u64
// pure input by-ref
//> 0: test::m::heat_imm<u64>(Input(0));
//> test::m::play_u64(Input(0));
//> test::m::cool(Result(0));
mutated: object(0,0)
gas summary: computation_cost: 1000000, storage_cost: 988000,  storage_rebate: 978120, non_refundable_storage_fee: 9880

task 16, lines 141-145:
//# programmable --sender A --inputs 0u64
// pure input by-mut
//> 0: test::m::heat_mut<u64>(Input(0));
//> test::m::play_u64(Input(0));
//> test::m::cool(Result(0));
Error: Transaction Effects Status: Invalid command argument at 0. Invalid argument to private entry function. These functions cannot take arguments from other Move functions
Execution Error: ExecutionError: ExecutionError { inner: ExecutionErrorInner { kind: CommandArgumentError { arg_idx: 0, kind: InvalidArgumentToPrivateEntryFunction }, source: None, command: Some(1) } }

task 17, lines 147-151:
//# programmable --sender A --inputs receiving(4,0)
// receiving input by-ref
//> 0: test::m::heat_imm<sui::transfer::Receiving<test::m::A>>(Input(0));
//> test::m::play_receiving(Input(0));
//> test::m::cool(Result(0));
mutated: object(0,0)
gas summary: computation_cost: 1000000, storage_cost: 988000,  storage_rebate: 978120, non_refundable_storage_fee: 9880

task 18, lines 153-157:
//# programmable --sender A --inputs receiving(4,0)
// receiving input by-mut
//> 0: test::m::heat_mut<sui::transfer::Receiving<test::m::A>>(Input(0));
//> test::m::play_receiving(Input(0));
//> test::m::cool(Result(0));
Error: Transaction Effects Status: Invalid command argument at 0. Invalid argument to private entry function. These functions cannot take arguments from other Move functions
Execution Error: ExecutionError: ExecutionError { inner: ExecutionErrorInner { kind: CommandArgumentError { arg_idx: 0, kind: InvalidArgumentToPrivateEntryFunction }, source: None, command: Some(1) } }

task 19, lines 159-163:
//# programmable --sender A --inputs receiving(4,0)
// receiving input by-val
//> 0: test::m::heat_val<sui::transfer::Receiving<test::m::A>>(Input(0));
//> test::m::play_receiving(NestedResult(0,0));
//> test::m::cool(NestedResult(0,1));
Error: Transaction Effects Status: Invalid command argument at 0. Invalid argument to private entry function. These functions cannot take arguments from other Move functions
Execution Error: ExecutionError: ExecutionError { inner: ExecutionErrorInner { kind: CommandArgumentError { arg_idx: 0, kind: InvalidArgumentToPrivateEntryFunction }, source: None, command: Some(1) } }
