---
source: external-crates/move/crates/move-transactional-test-runner/src/framework.rs
---
processed 19 tasks

init:
A: object(0,0)

task 1, lines 8-12:
//# publish --upgradeable --sender A
created: object(1,0), object(1,1)
mutated: object(0,0)
gas summary: computation_cost: 1000000, storage_cost: 5236400,  storage_rebate: 0, non_refundable_storage_fee: 0

task 2, lines 14-18:
//# upgrade --package Dep_V1 --upgrade-capability 1,1 --sender A
created: object(2,0)
mutated: object(0,0), object(1,1)
gas summary: computation_cost: 1000000, storage_cost: 5236400,  storage_rebate: 2595780, non_refundable_storage_fee: 26220

task 3, lines 20-25:
//# publish --dependencies Dep_V1 --sender A
created: object(3,0)
mutated: object(0,0)
gas summary: computation_cost: 1000000, storage_cost: 4324400,  storage_rebate: 978120, non_refundable_storage_fee: 9880

task 4, lines 27-30:
//# publish --sender A
created: object(4,0)
mutated: object(0,0)
gas summary: computation_cost: 1000000, storage_cost: 3389600,  storage_rebate: 978120, non_refundable_storage_fee: 9880

task 5, lines 32-37:
//# publish --upgradeable --dependencies Dep_V1 --sender A
created: object(5,0), object(5,1)
mutated: object(0,0)
gas summary: computation_cost: 1000000, storage_cost: 5897600,  storage_rebate: 978120, non_refundable_storage_fee: 9880

task 6, lines 39-42:
//# publish --upgradeable --sender A
created: object(6,0), object(6,1)
mutated: object(0,0)
gas summary: computation_cost: 1000000, storage_cost: 5023600,  storage_rebate: 978120, non_refundable_storage_fee: 9880

task 7, lines 44-47:
//# publish --upgradeable --sender A
created: object(7,0), object(7,1)
mutated: object(0,0)
gas summary: computation_cost: 1000000, storage_cost: 5023600,  storage_rebate: 978120, non_refundable_storage_fee: 9880

task 8, lines 49-52:
//# publish --upgradeable --sender A
created: object(8,0), object(8,1)
mutated: object(0,0)
gas summary: computation_cost: 1000000, storage_cost: 5023600,  storage_rebate: 978120, non_refundable_storage_fee: 9880

task 14, lines 124-130:
//# programmable --sender A --inputs object(5,1) 0u8 digest(Agree_V1)
// The upgraded package is already in LUMPY and overlapping linkage agrees. The upgrade
// also introduces Extra as an exact dependency that was not already in LUMPY.
//> 0: Agree_V0::m::ping();
//> 1: sui::package::authorize_upgrade(Input(0), Input(1), Input(2));
//> 2: Upgrade(Agree_V1, [Dep_V1,Extra,sui,std], Agree_V0, Result(1));
//> sui::package::commit_upgrade(Input(0), Result(2))
created: object(14,0), object(14,1)
mutated: object(0,0), object(5,1)
gas summary: computation_cost: 1000000, storage_cost: 10267600,  storage_rebate: 2595780, non_refundable_storage_fee: 26220

task 15, lines 132-140:
//# programmable --sender A --inputs object(6,1) 0u8 digest(A1_Dep1) object(7,1) 0u8 digest(D1_Dep2)
// Two different upgrades with new-module init conflict through overlapping dependency
// linkage: A pins Dep_V1, while D pins Dep_V2.
//> 0: sui::package::authorize_upgrade(Input(0), Input(1), Input(2));
//> 1: Upgrade(A1_Dep1, [Dep_V1,sui,std], A0, Result(0));
//> 2: sui::package::commit_upgrade(Input(0), Result(1));
//> 3: sui::package::authorize_upgrade(Input(3), Input(4), Input(5));
//> 4: Upgrade(D1_Dep2, [Dep_V2,sui,std], D0, Result(3));
//> sui::package::commit_upgrade(Input(3), Result(4))
Error: Transaction Effects Status: A valid linkage was unable to be determined for the transaction
Execution Error: ExecutionError: ExecutionError { inner: ExecutionErrorInner { kind: InvalidLinkage, source: Some("exact/exact conflicting resolutions for package: linkage requires the same package at different versions. Linkage requires exactly Dep_V1 (version 1) and Dep_V2 (version 2) to be used in the same transaction"), command: Some(4) } }

task 16, lines 142-149:
//# programmable --sender A --inputs object(6,1) 0u8 digest(A1_Dep1) object(7,1) 0u8 digest(D1_Dep1)
// Two different upgrades with new-module init agree on overlapping dependency linkage.
//> 0: sui::package::authorize_upgrade(Input(0), Input(1), Input(2));
//> 1: Upgrade(A1_Dep1, [Dep_V1,sui,std], A0, Result(0));
//> 2: sui::package::commit_upgrade(Input(0), Result(1));
//> 3: sui::package::authorize_upgrade(Input(3), Input(4), Input(5));
//> 4: Upgrade(D1_Dep1, [Dep_V1,sui,std], D0, Result(3));
//> sui::package::commit_upgrade(Input(3), Result(4))
created: object(16,0), object(16,1), object(16,2), object(16,3)
mutated: object(0,0), object(6,1), object(7,1)
gas summary: computation_cost: 1000000, storage_cost: 18452800,  storage_rebate: 4213440, non_refundable_storage_fee: 42560

task 17, lines 151-157:
//# programmable --sender A --inputs object(8,1) 0u8 digest(Refine_V1_Dep2)
// If the upgraded package is not already in LUMPY, upgrade-init exact linkage uses normal
// unification and can refine an existing at_least(Dep_V1) constraint to exact(Dep_V2).
//> 0: ConsumerV1::c::consume();
//> 1: sui::package::authorize_upgrade(Input(0), Input(1), Input(2));
//> 2: Upgrade(Refine_V1_Dep2, [Dep_V2,sui,std], Refine_V0, Result(1));
//> sui::package::commit_upgrade(Input(0), Result(2))
created: object(17,0), object(17,1)
mutated: object(0,0), object(8,1)
gas summary: computation_cost: 1000000, storage_cost: 9720400,  storage_rebate: 2595780, non_refundable_storage_fee: 26220

task 18, line 159:
//# view-object 17,1
Owner: Shared( 13 )
Version: 13
Contents: Refine_V0::init_dep::Config {
    id: sui::object::UID {
        id: sui::object::ID {
            bytes: fake(17,1),
        },
    },
    v: 2u64,
}
