---
source: external-crates/move/crates/move-transactional-test-runner/src/framework.rs
---
processed 17 tasks

init:
A: object(0,0), B: object(0,1)

task 1, lines 14-48:
//# publish
created: object(1,0), object(1,1)
mutated: object(0,2)
gas summary: computation_cost: 1000000, storage_cost: 9211200,  storage_rebate: 0, non_refundable_storage_fee: 0

task 2, lines 50-56:
//# programmable --sender A --inputs object(1,0) 42 @A
//> 0: test::counter::inc(Input(0));
//> 1: test::counter::inc_by(Input(0), Input(1));
//> 2: sui::coin::value<sui::sui::SUI>(Gas);
//> 3: test::counter::inc_by(Input(0), Result(2));
//> 4: test::counter::take(Input(0), Input(1));
//> 5: TransferObjects([Result(4)], Input(2))
events: Event { package_id: test, transaction_module: Identifier("counter"), sender: A, type_: StructTag { address: test, module: Identifier("counter"), name: Identifier("NFTMinted"), type_params: [] }, contents: [169, 151, 26, 168, 208, 254, 102, 70, 205, 169, 119, 135, 90, 201, 253, 16, 44, 220, 73, 188, 101, 183, 189, 25, 71, 88, 213, 1, 5, 74, 34, 89] }
created: object(2,0)
mutated: object(0,0), object(1,0)
gas summary: computation_cost: 1000000, storage_cost: 3678400,  storage_rebate: 1346796, non_refundable_storage_fee: 13604

task 3, lines 58-60:
//# programmable --sender A --inputs 42 @B
//> 0: SplitCoins(Gas, [Input(0)]);
//> 1: TransferObjects([Result(0)], Input(1))
created: object(3,0)
mutated: object(0,0)
gas summary: computation_cost: 1000000, storage_cost: 1976000,  storage_rebate: 978120, non_refundable_storage_fee: 9880

task 4, line 62:
//# create-checkpoint
Checkpoint created: 1

task 5, lines 64-68:
//# run-jsonrpc
Response: {
  "jsonrpc": "2.0",
  "id": 0,
  "result": {
    "digest": "JA278wxR5dcvpcYEoj2dvbqSgV3v1vhcpL5Kba8eBX7y",
    "timestampMs": "0",
    "checkpoint": "1"
  }
}

task 6, lines 70-74:
//# run-jsonrpc
Response: {
  "jsonrpc": "2.0",
  "id": 1,
  "error": {
    "code": -32602,
    "message": "Invalid Params: Transaction 11111111111111111111111111111111 not found"
  }
}

task 7, lines 76-86:
//# run-jsonrpc
Response: {
  "jsonrpc": "2.0",
  "id": 2,
  "result": {
    "digest": "JA278wxR5dcvpcYEoj2dvbqSgV3v1vhcpL5Kba8eBX7y",
    "rawTransaction": "AAADAQHFNH5mfdmTmNiVq1gILafL2tuBJWBqVgxr5BayIu+uyQIAAAAAAAAAAQAIKgAAAAAAAAAAIPzMmkIbuxPBpmoaqY8K11Ap7elIV3ecaRW0T5QGi5IeBgBOUj931il2S1J26YWrXwQ3EaloipEOgvrGHgAJDdGycQdjb3VudGVyA2luYwABAQAAAE5SP3fWKXZLUnbphatfBDcRqWiKkQ6C+sYeAAkN0bJxB2NvdW50ZXIGaW5jX2J5AAIBAAABAQAAAAAAAAAAAAAAAAAAAAAAAAAAAAAAAAAAAAAAAAAAAAIEY29pbgV2YWx1ZQEHAAAAAAAAAAAAAAAAAAAAAAAAAAAAAAAAAAAAAAAAAAIDc3VpA1NVSQABAABOUj931il2S1J26YWrXwQ3EaloipEOgvrGHgAJDdGycQdjb3VudGVyBmluY19ieQACAQAAAgIAAE5SP3fWKXZLUnbphatfBDcRqWiKkQ6C+sYeAAkN0bJxB2NvdW50ZXIEdGFrZQACAQAAAQEAAQECBAABAgD8zJpCG7sTwaZqGqmPCtdQKe3pSFd3nGkVtE+UBouSHgEmnlIRjiu31WKJVyQpEDmpN+P833+k46XdPiGpvuntUgEAAAAAAAAAIMeV1IAQhwWxR4L+6pA3gG15MNBNcaoV33PKPBWwwDNt/MyaQhu7E8GmahqpjwrXUCnt6UhXd5xpFbRPlAaLkh7oAwAAAAAAAADyBSoBAAAAAA==",
    "timestampMs": "0",
    "checkpoint": "1",
    "rawEffects": [
      1,
      0,
      0,
      0,
      0,
      0,
      0,
      0,
      0,
      0,
      64,
      66,
      15,
      0,
      0,
      0,
      0,
      0,
      192,
      32,
      56,
      0,
      0,
      0,
      0,
      0,
      236,
      140,
      20,
      0,
      0,
      0,
      0,
      0,
      36,
      53,
      0,
      0,
      0,
      0,
      0,
      0,
      32,
      254,
      230,
      39,
      198,
      149,
      189,
      196,
      169,
      113,
      165,
      6,
      153,
      89,
      153,
      40,
      196,
      238,
      134,
      170,
      142,
      80,
      47,
      199,
      9,
      196,
      44,
      2,
      231,
      192,
      251,
      141,
      76,
      1,
      0,
      0,
      0,
      0,
      1,
      32,
      125,
      130,
      140,
      200,
      32,
      159,
      90,
      130,
      148,
      22,
      70,
      190,
      146,
      104,
      16,
      97,
      167,
      8,
      242,
      102,
      245,
      234,
      233,
      154,
      196,
      111,
      235,
      243,
      193,
      94,
      32,
      57,
      2,
      32,
      14,
      58,
      96,
      250,
      24,
      174,
      143,
      146,
      238,
      172,
      15,
      148,
      118,
      100,
      186,
      223,
      133,
      250,
      164,
      87,
      146,
      145,
      123,
      27,
      15,
      250,
      171,
      117,
      221,
      120,
      39,
      195,
      32,
      204,
      178,
      159,
      252,
      130,
      142,
      183,
      195,
      23,
      236,
      49,
      51,
      183,
      136,
      102,
      151,
      138,
      24,
      186,
      184,
      78,
      17,
      197,
      152,
      7,
      33,
      194,
      248,
      46,
      105,
      130,
      37,
      3,
      0,
      0,
      0,
      0,
      0,
      0,
      0,
      3,
      38,
      158,
      82,
      17,
      142,
      43,
      183,
      213,
      98,
      137,
      87,
      36,
      41,
      16,
      57,
      169,
      55,
      227,
      252,
      223,
      127,
      164,
      227,
      165,
      221,
      62,
      33,
      169,
      190,
      233,
      237,
      82,
      1,
      1,
      0,
      0,
      0,
      0,
      0,
      0,
      0,
      32,
      199,
      149,
      212,
      128,
      16,
      135,
      5,
      177,
      71,
      130,
      254,
      234,
      144,
      55,
      128,
      109,
      121,
      48,
      208,
      77,
      113,
      170,
      21,
      223,
      115,
      202,
      60,
      21,
      176,
      192,
      51,
      109,
      0,
      252,
      204,
      154,
      66,
      27,
      187,
      19,
      193,
      166,
      106,
      26,
      169,
      143,
      10,
      215,
      80,
      41,
      237,
      233,
      72,
      87,
      119,
      156,
      105,
      21,
      180,
      79,
      148,
      6,
      139,
      146,
      30,
      1,
      32,
      168,
      240,
      55,
      43,
      91,
      139,
      199,
      177,
      158,
      156,
      56,
      220,
      169,
      75,
      16,
      142,
      80,
      47,
      132,
      38,
      60,
      86,
      113,
      217,
      87,
      76,
      166,
      226,
      16,
      28,
      27,
      154,
      0,
      252,
      204,
      154,
      66,
      27,
      187,
      19,
      193,
      166,
      106,
      26,
      169,
      143,
      10,
      215,
      80,
      41,
      237,
      233,
      72,
      87,
      119,
      156,
      105,
      21,
      180,
      79,
      148,
      6,
      139,
      146,
      30,
      0,
      169,
      151,
      26,
      168,
      208,
      254,
      102,
      70,
      205,
      169,
      119,
      135,
      90,
      201,
      253,
      16,
      44,
      220,
      73,
      188,
      101,
      183,
      189,
      25,
      71,
      88,
      213,
      1,
      5,
      74,
      34,
      89,
      0,
      1,
      32,
      205,
      89,
      99,
      116,
      72,
      86,
      255,
      38,
      179,
      244,
      132,
      91,
      80,
      159,
      161,
      53,
      192,
      7,
      244,
      101,
      8,
      191,
      122,
      172,
      185,
      75,
      173,
      35,
      159,
      213,
      9,
      56,
      0,
      252,
      204,
      154,
      66,
      27,
      187,
      19,
      193,
      166,
      106,
      26,
      169,
      143,
      10,
      215,
      80,
      41,
      237,
      233,
      72,
      87,
      119,
      156,
      105,
      21,
      180,
      79,
      148,
      6,
      139,
      146,
      30,
      1,
      197,
      52,
      126,
      102,
      125,
      217,
      147,
      152,
      216,
      149,
      171,
      88,
      8,
      45,
      167,
      203,
      218,
      219,
      129,
      37,
      96,
      106,
      86,
      12,
      107,
      228,
      22,
      178,
      34,
      239,
      174,
      201,
      1,
      2,
      0,
      0,
      0,
      0,
      0,
      0,
      0,
      32,
      33,
      86,
      58,
      54,
      156,
      230,
      134,
      97,
      6,
      163,
      250,
      81,
      128,
      73,
      188,
      206,
      202,
      233,
      72,
      113,
      24,
      138,
      176,
      230,
      95,
      172,
      77,
      98,
      97,
      14,
      6,
      1,
      2,
      2,
      0,
      0,
      0,
      0,
      0,
      0,
      0,
      1,
      32,
      166,
      198,
      12,
      158,
      80,
      37,
      137,
      147,
      36,
      87,
      91,
      150,
      223,
      244,
      207,
      70,
      71,
      193,
      65,
      186,
      95,
      208,
      169,
      32,
      234,
      215,
      166,
      105,
      28,
      224,
      2,
      223,
      2,
      2,
      0,
      0,
      0,
      0,
      0,
      0,
      0,
      0,
      0,
      0
    ]
  }
}

task 8, lines 88-98:
//# run-jsonrpc
Response: {
  "jsonrpc": "2.0",
  "id": 3,
  "result": {
    "digest": "JA278wxR5dcvpcYEoj2dvbqSgV3v1vhcpL5Kba8eBX7y",
    "transaction": {
      "data": {
        "messageVersion": "v1",
        "transaction": {
          "kind": "ProgrammableTransaction",
          "inputs": [
            {
              "type": "object",
              "objectType": "sharedObject",
              "objectId": "0xc5347e667dd99398d895ab58082da7cbdadb8125606a560c6be416b222efaec9",
              "initialSharedVersion": "2",
              "mutable": true
            },
            {
              "type": "pure",
              "valueType": "u64",
              "value": "42"
            },
            {
              "type": "pure",
              "valueType": "address",
              "value": "0xfccc9a421bbb13c1a66a1aa98f0ad75029ede94857779c6915b44f94068b921e"
            }
          ],
          "transactions": [
            {
              "MoveCall": {
                "package": "0x4e523f77d629764b5276e985ab5f043711a9688a910e82fac61e00090dd1b271",
                "module": "counter",
                "function": "inc",
                "arguments": [
                  {
                    "Input": 0
                  }
                ]
              }
            },
            {
              "MoveCall": {
                "package": "0x4e523f77d629764b5276e985ab5f043711a9688a910e82fac61e00090dd1b271",
                "module": "counter",
                "function": "inc_by",
                "arguments": [
                  {
                    "Input": 0
                  },
                  {
                    "Input": 1
                  }
                ]
              }
            },
            {
              "MoveCall": {
                "package": "0x0000000000000000000000000000000000000000000000000000000000000002",
                "module": "coin",
                "function": "value",
                "type_arguments": [
                  "0x2::sui::SUI"
                ],
                "arguments": [
                  "GasCoin"
                ]
              }
            },
            {
              "MoveCall": {
                "package": "0x4e523f77d629764b5276e985ab5f043711a9688a910e82fac61e00090dd1b271",
                "module": "counter",
                "function": "inc_by",
                "arguments": [
                  {
                    "Input": 0
                  },
                  {
                    "Result": 2
                  }
                ]
              }
            },
            {
              "MoveCall": {
                "package": "0x4e523f77d629764b5276e985ab5f043711a9688a910e82fac61e00090dd1b271",
                "module": "counter",
                "function": "take",
                "arguments": [
                  {
                    "Input": 0
                  },
                  {
                    "Input": 1
                  }
                ]
              }
            },
            {
              "TransferObjects": [
                [
                  {
                    "Result": 4
                  }
                ],
                {
                  "Input": 2
                }
              ]
            }
          ]
        },
        "sender": "0xfccc9a421bbb13c1a66a1aa98f0ad75029ede94857779c6915b44f94068b921e",
        "gasData": {
          "payment": [
            {
              "objectId": "0x269e52118e2bb7d562895724291039a937e3fcdf7fa4e3a5dd3e21a9bee9ed52",
              "version": 1,
              "digest": "ES6eFpTmFhNeVwzLnPsCduvPsfACHMggzFRKhxzPjgov"
            }
          ],
          "owner": "0xfccc9a421bbb13c1a66a1aa98f0ad75029ede94857779c6915b44f94068b921e",
          "price": "1000",
          "budget": "5000000000"
        }
      },
      "txSignatures": [
        "ANojebe4arli7zZAzZOWhEsSAGlXZF6BcqiSKRL+rYlpE8jPj4J+rfq2gF18kA+dyLcfyPfkvnrjsgRp16M6UA5/UUY663bYjcm3XmNyULIgxJz1t5Z9vxfB+fp8WUoJKA=="
      ]
    },
    "effects": {
      "messageVersion": "v1",
      "status": {
        "status": "success"
      },
      "executedEpoch": "0",
      "gasUsed": {
        "computationCost": "1000000",
        "storageCost": "3678400",
        "storageRebate": "1346796",
        "nonRefundableStorageFee": "13604"
      },
      "modifiedAtVersions": [
        {
          "objectId": "0x269e52118e2bb7d562895724291039a937e3fcdf7fa4e3a5dd3e21a9bee9ed52",
          "sequenceNumber": "1"
        },
        {
          "objectId": "0xc5347e667dd99398d895ab58082da7cbdadb8125606a560c6be416b222efaec9",
          "sequenceNumber": "2"
        }
      ],
      "sharedObjects": [
        {
          "objectId": "0xc5347e667dd99398d895ab58082da7cbdadb8125606a560c6be416b222efaec9",
          "version": 2,
          "digest": "3F8iQoXXLxHyhSBsKLvioTG8cLrJ2PeoN5VGFt5Ebson"
        }
      ],
      "transactionDigest": "JA278wxR5dcvpcYEoj2dvbqSgV3v1vhcpL5Kba8eBX7y",
      "created": [
        {
          "owner": {
            "AddressOwner": "0xfccc9a421bbb13c1a66a1aa98f0ad75029ede94857779c6915b44f94068b921e"
          },
          "reference": {
            "objectId": "0xa9971aa8d0fe6646cda977875ac9fd102cdc49bc65b7bd194758d501054a2259",
            "version": 3,
            "digest": "Epbdkh5gYExVqsaYVqs1ySLngxk387vJtRs61n6mbwPu"
          }
        }
      ],
      "mutated": [
        {
          "owner": {
            "AddressOwner": "0xfccc9a421bbb13c1a66a1aa98f0ad75029ede94857779c6915b44f94068b921e"
          },
          "reference": {
            "objectId": "0x269e52118e2bb7d562895724291039a937e3fcdf7fa4e3a5dd3e21a9bee9ed52",
            "version": 3,
            "digest": "CNTwae8jbCwfwmREZcLTNhBPXquPS1g2o4rwp9RbnReq"
          }
        },
        {
          "owner": {
            "Shared": {
              "initial_shared_version": 2
            }
          },
          "reference": {
            "objectId": "0xc5347e667dd99398d895ab58082da7cbdadb8125606a560c6be416b222efaec9",
            "version": 3,
            "digest": "CE1qMKFCGe7mCyWxuy7wAqyS67cskXQ2Ys2QpWYviFJv"
          }
        }
      ],
      "gasObject": {
        "owner": {
          "AddressOwner": "0xfccc9a421bbb13c1a66a1aa98f0ad75029ede94857779c6915b44f94068b921e"
        },
        "reference": {
          "objectId": "0x269e52118e2bb7d562895724291039a937e3fcdf7fa4e3a5dd3e21a9bee9ed52",
          "version": 3,
          "digest": "CNTwae8jbCwfwmREZcLTNhBPXquPS1g2o4rwp9RbnReq"
        }
      },
      "eventsDigest": "9SwRS3mQsuAweqKet8GMGNEY9rxVP8K7xVsx3XSYbXag",
      "dependencies": [
        "xYLd1N9S8Gg9kKiM6aqayq45ZbjXY6UxALMemzWMSF4",
        "En49Y24o8stk1LsmKi7Ev7or7C7bSrz9D8YxPejW1nLt"
      ]
    },
    "timestampMs": "0",
    "checkpoint": "1"
  }
}

task 9, lines 100-109:
//# run-jsonrpc
Response: {
  "jsonrpc": "2.0",
  "id": 4,
  "result": {
    "digest": "JA278wxR5dcvpcYEoj2dvbqSgV3v1vhcpL5Kba8eBX7y",
    "events": [
      {
        "id": {
          "txDigest": "JA278wxR5dcvpcYEoj2dvbqSgV3v1vhcpL5Kba8eBX7y",
          "eventSeq": "0"
        },
        "packageId": "0x4e523f77d629764b5276e985ab5f043711a9688a910e82fac61e00090dd1b271",
        "transactionModule": "counter",
        "sender": "0xfccc9a421bbb13c1a66a1aa98f0ad75029ede94857779c6915b44f94068b921e",
        "type": "0x4e523f77d629764b5276e985ab5f043711a9688a910e82fac61e00090dd1b271::counter::NFTMinted",
        "parsedJson": {
          "id": "0xa9971aa8d0fe6646cda977875ac9fd102cdc49bc65b7bd194758d501054a2259"
        },
        "bcsEncoding": "base64",
        "bcs": "qZcaqND+ZkbNqXeHWsn9ECzcSbxlt70ZR1jVAQVKIlk=",
        "timestampMs": "0"
      }
    ],
    "timestampMs": "0",
    "checkpoint": "1"
  }
}

task 10, lines 111-120:
//# run-jsonrpc
Response: {
  "jsonrpc": "2.0",
  "id": 5,
  "result": {
    "digest": "JA278wxR5dcvpcYEoj2dvbqSgV3v1vhcpL5Kba8eBX7y",
    "balanceChanges": [
      {
        "owner": {
          "AddressOwner": "0xfccc9a421bbb13c1a66a1aa98f0ad75029ede94857779c6915b44f94068b921e"
        },
        "coinType": "0x2::sui::SUI",
        "amount": "-3331604"
      }
    ],
    "timestampMs": "0",
    "checkpoint": "1"
  }
}

task 11, lines 122-131:
//# run-jsonrpc
Response: {
  "jsonrpc": "2.0",
  "id": 6,
  "result": {
    "digest": "7Ldn4jwocG9RvM7SbuUJAzTts3oktyBKiJ3QqLF4jxv5",
    "balanceChanges": [
      {
        "owner": {
          "AddressOwner": "0xa7b032703878aa74c3126935789fd1d4d7e111d5911b09247d6963061c312b5a"
        },
        "coinType": "0x2::sui::SUI",
        "amount": "42"
      },
      {
        "owner": {
          "AddressOwner": "0xfccc9a421bbb13c1a66a1aa98f0ad75029ede94857779c6915b44f94068b921e"
        },
        "coinType": "0x2::sui::SUI",
        "amount": "-1997922"
      }
    ],
    "timestampMs": "0",
    "checkpoint": "1"
  }
}

task 12, lines 133-139:
//# run-jsonrpc
Response: {
  "jsonrpc": "2.0",
  "id": 7,
  "result": {
    "digest": "7Ldn4jwocG9RvM7SbuUJAzTts3oktyBKiJ3QqLF4jxv5",
    "timestampMs": "0",
    "checkpoint": "1"
  }
}

task 13, lines 141-143:
//# programmable --sender A --inputs 42 @B
//> 0: SplitCoins(Gas, [Input(0)]);
//> 1: TransferObjects([Result(0)], Input(1))
created: object(13,0)
mutated: object(0,0)
gas summary: computation_cost: 1000000, storage_cost: 1976000,  storage_rebate: 978120, non_refundable_storage_fee: 9880

task 15, line 147:
//# create-checkpoint
Checkpoint created: 2

task 16, lines 149-155:
//# run-jsonrpc
Response: {
  "jsonrpc": "2.0",
  "id": 8,
  "result": {
    "digest": "36ziy9VZ7MSsetgGurEAv3zaYs3W5tQd29CSLk64TpS6",
    "timestampMs": "1",
    "checkpoint": "2"
  }
}
