---
source: crates/sui/tests/shell_tests.rs
assertion_line: 112
---
----- script -----
# Copyright (c) Mysten Labs, Inc.
# SPDX-License-Identifier: Apache-2.0

# `prettier-move` missing, `npm` present (stubbed), stdin is not a TTY (the
# harness pipes stdin from cargo nextest). `sui move format` must skip the
# interactive prompt and bail with the manual-install hint. The stub `npm`
# only handles `--version`; if the install path is reached by mistake, the
# stub fails loudly.

chmod +x stubs/npm
export PATH="$PWD/stubs:$(dirname "$(command -v sui)")"

sui move --client.config $CONFIG format -c

----- results -----
success: false
exit_code: 1
----- stdout -----
`prettier-move` is not installed. Re-run from a terminal to install interactively, or install manually with:
    npm i -g prettier @mysten/prettier-plugin-move

----- stderr -----
