---
source: crates/move-package/tests/test_runner.rs
---
Failed to resolve dependencies for package 'Root': Failed to resolve dependencies for package 'A': Failed to resolve dependencies for package 'B': Failed to resolve dependencies for package 'Root': Found cycle between packages: A -> B -> Root -> A
